// Jest Snapshot v1, https://goo.gl/fbAQLP

exports[`Root component renders correctly 1`] = `ShallowWrapper {}`;
