// Jest Snapshot v1, https://goo.gl/fbAQLP

exports[`AppRouter component renders correctly 1`] = `ShallowWrapper {}`;
