// Jest Snapshot v1, https://goo.gl/fbAQLP

exports[`Hello component renders correctly 1`] = `ShallowWrapper {}`;
